#! /usr/local/Cellar/icarus-verilog/13.0/bin/vvp
:ivl_version "13.0 (stable)" "(v13_0)";
:ivl_delay_selection "TYPICAL";
:vpi_time_precision - 12;
:vpi_module "/usr/local/Cellar/icarus-verilog/13.0/lib/ivl/system.vpi";
:vpi_module "/usr/local/Cellar/icarus-verilog/13.0/lib/ivl/vhdl_sys.vpi";
:vpi_module "/usr/local/Cellar/icarus-verilog/13.0/lib/ivl/vhdl_textio.vpi";
:vpi_module "/usr/local/Cellar/icarus-verilog/13.0/lib/ivl/v2005_math.vpi";
:vpi_module "/usr/local/Cellar/icarus-verilog/13.0/lib/ivl/va_math.vpi";
S_0x7fee2e1072a0 .scope module, "alu" "alu" 2 3;
 .timescale -9 -12;
    .port_info 0 /INPUT 32 "a";
    .port_info 1 /INPUT 32 "b";
    .port_info 2 /INPUT 3 "op";
    .port_info 3 /OUTPUT 32 "result";
o0x7fee2e232008 .functor BUFZ 32, c4<zzzzzzzzzzzzzzzzzzzzzzzzzzzzzzzz>; HiZ drive
v0x7fee2e107490_0 .net "a", 31 0, o0x7fee2e232008;  0 drivers
o0x7fee2e232038 .functor BUFZ 32, c4<zzzzzzzzzzzzzzzzzzzzzzzzzzzzzzzz>; HiZ drive
v0x7fee2e1174c0_0 .net "b", 31 0, o0x7fee2e232038;  0 drivers
o0x7fee2e232068 .functor BUFZ 3, c4<zzz>; HiZ drive
v0x7fee2e117570_0 .net "op", 2 0, o0x7fee2e232068;  0 drivers
v0x7fee2e117630_0 .var "result", 31 0;
E_0x7fee2e1071a0 .event anyedge, v0x7fee2e117570_0, v0x7fee2e107490_0, v0x7fee2e1174c0_0;
    .scope S_0x7fee2e1072a0;
T_0 ;
    %wait E_0x7fee2e1071a0;
    %load/vec4 v0x7fee2e117570_0;
    %dup/vec4;
    %pushi/vec4 0, 0, 3;
    %cmp/u;
    %jmp/1 T_0.0, 6;
    %dup/vec4;
    %pushi/vec4 1, 0, 3;
    %cmp/u;
    %jmp/1 T_0.1, 6;
    %dup/vec4;
    %pushi/vec4 2, 0, 3;
    %cmp/u;
    %jmp/1 T_0.2, 6;
    %dup/vec4;
    %pushi/vec4 3, 0, 3;
    %cmp/u;
    %jmp/1 T_0.3, 6;
    %dup/vec4;
    %pushi/vec4 4, 0, 3;
    %cmp/u;
    %jmp/1 T_0.4, 6;
    %dup/vec4;
    %pushi/vec4 5, 0, 3;
    %cmp/u;
    %jmp/1 T_0.5, 6;
    %dup/vec4;
    %pushi/vec4 6, 0, 3;
    %cmp/u;
    %jmp/1 T_0.6, 6;
    %dup/vec4;
    %pushi/vec4 7, 0, 3;
    %cmp/u;
    %jmp/1 T_0.7, 6;
    %pushi/vec4 0, 0, 32;
    %store/vec4 v0x7fee2e117630_0, 0, 32;
    %jmp T_0.9;
T_0.0 ;
    %load/vec4 v0x7fee2e107490_0;
    %load/vec4 v0x7fee2e1174c0_0;
    %add;
    %store/vec4 v0x7fee2e117630_0, 0, 32;
    %jmp T_0.9;
T_0.1 ;
    %load/vec4 v0x7fee2e107490_0;
    %load/vec4 v0x7fee2e1174c0_0;
    %sub;
    %store/vec4 v0x7fee2e117630_0, 0, 32;
    %jmp T_0.9;
T_0.2 ;
    %load/vec4 v0x7fee2e107490_0;
    %load/vec4 v0x7fee2e1174c0_0;
    %and;
    %store/vec4 v0x7fee2e117630_0, 0, 32;
    %jmp T_0.9;
T_0.3 ;
    %load/vec4 v0x7fee2e107490_0;
    %load/vec4 v0x7fee2e1174c0_0;
    %or;
    %store/vec4 v0x7fee2e117630_0, 0, 32;
    %jmp T_0.9;
T_0.4 ;
    %load/vec4 v0x7fee2e107490_0;
    %load/vec4 v0x7fee2e1174c0_0;
    %xor;
    %store/vec4 v0x7fee2e117630_0, 0, 32;
    %jmp T_0.9;
T_0.5 ;
    %load/vec4 v0x7fee2e107490_0;
    %load/vec4 v0x7fee2e1174c0_0;
    %parti/s 5, 0, 2;
    %ix/vec4 4;
    %shiftl 4;
    %store/vec4 v0x7fee2e117630_0, 0, 32;
    %jmp T_0.9;
T_0.6 ;
    %load/vec4 v0x7fee2e107490_0;
    %load/vec4 v0x7fee2e1174c0_0;
    %parti/s 5, 0, 2;
    %ix/vec4 4;
    %shiftr 4;
    %store/vec4 v0x7fee2e117630_0, 0, 32;
    %jmp T_0.9;
T_0.7 ;
    %load/vec4 v0x7fee2e107490_0;
    %load/vec4 v0x7fee2e1174c0_0;
    %parti/s 5, 0, 2;
    %ix/vec4 4;
    %shiftr/s 4;
    %store/vec4 v0x7fee2e117630_0, 0, 32;
    %jmp T_0.9;
T_0.9 ;
    %pop/vec4 1;
    %jmp T_0;
    .thread T_0, $push;
# The file index is used to find the file name in the following table.
:file_names 3;
    "N/A";
    "<interactive>";
    "alu.v";
